// Jest Snapshot v1, https://goo.gl/fbAQLP

exports[`promisifyContrivedExample async/await pattern gets an error after 0 seconds when one of the args is not a number using the promisified function 1`] = `
"[31mTypeError: \\"One or more of these arguments is not a number: a, 3[39m
[31m    at Timeout.setTimeout (/Users/j0o00um/p/practice/promisify/lib/contrived-example.js:17:16)[39m"
`;

exports[`promisifyContrivedExample callback pattern gets an error after 0 seconds when one of the args is not a number using a callback 1`] = `[TypeError: "One or more of these arguments is not a number: a, 3]`;
