// Jest Snapshot v1, https://goo.gl/fbAQLP

exports[`https.get callback https.get fails when url is invalid 1`] = `"Protocol \\"htps:\\" not supported. Expected \\"https:\\""`;

exports[`https.get callback https.get succeeds when url is valid 1`] = `
Object {
  "completed": Any<Boolean>,
  "id": Any<Number>,
  "title": Any<String>,
  "userId": Any<Number>,
}
`;

exports[`https.get promsified https.get fails when url is invalid 1`] = `"Protocol \\"htps:\\" not supported. Expected \\"https:\\""`;

exports[`https.get promsified https.get succeeds when url is valid 1`] = `
Object {
  "completed": Any<Boolean>,
  "id": Any<Number>,
  "title": Any<String>,
  "userId": Any<Number>,
}
`;
